2026-08-04 13:44:04,018 - INFO - Starting API job scraper
2026-08-04 13:44:04,018 - INFO - Loaded 853 master facilities
2026-08-04 13:44:04,018 - INFO - Fetching jobs from API...
2026-08-04 13:44:07,251 - INFO - Total jobs found: 100
2026-08-04 13:44:07,303 - INFO - New job: Food Service Supervisor - Rapid City Community Work Center - 670061 [VERIFIED: Rapid City Minimum Center]
2026-08-04 13:44:07,345 - INFO - New job: Corrections Oversight Worker - Volunteers of America - Indiana - 670094 [UNVERIFIED: Volunteers of America - Indiana]
2026-08-04 13:44:07,382 - INFO - New job: Administrative Support Worker - Marion Correctional Institution - 670108 [VERIFIED: Marion Correctional Institution]
2026-08-04 13:44:07,417 - INFO - New job: Food Service Worker Lead - Marion Correctional Institution - 670117 [VERIFIED: Marion Correctional Institution]
2026-08-04 13:44:07,445 - INFO - New job: Corrections Oversight Worker - St. Mary's County - 670149 [UNVERIFIED: St. Mary's County]
2026-08-04 13:44:07,493 - INFO - New job: Cook - Baltimore County Department of Corrections - 670160 [UNVERIFIED: Baltimore County Department of Corrections]
2026-08-04 13:44:07,494 - INFO - New job: Food Service Manager - 670199 [No facility found]
2026-08-04 13:44:07,522 - INFO - New job: Cook - Taylor County Jail - 670217 [UNVERIFIED: Taylor County Jail]
2026-08-04 13:44:07,555 - INFO - New job: Commissary Supervisor - Miami Dade Commissary - 670235 [UNVERIFIED: Miami Dade Commissary]
2026-08-04 13:44:07,592 - INFO - New job: Corrections Oversight Worker - Parkersburg Correctional Center - 670010 [VERIFIED: Martinsburg Correctional Center]
2026-08-04 13:44:07,633 - INFO - New job: Corrections Oversight Worker - Northwest Correctional Complex - 670024 [VERIFIED: Northwest Correctional Complex]
2026-08-04 13:44:07,633 - INFO - New job: Food Service Director - 670028 [No facility found]
2026-08-04 13:44:07,673 - INFO - New job: Food Service Worker - Pinal County Jail - 670034 [UNVERIFIED: Pinal County Jail]
2026-08-04 13:44:09,916 - INFO - Added 13 new jobs
2026-08-04 13:44:09,916 - INFO - Fetching descriptions for 13 new jobs...
2026-08-04 13:44:11,431 - INFO - Updated description for 670061
2026-08-04 13:44:13,552 - INFO - Updated description for 670094
2026-08-04 13:44:15,371 - INFO - Updated description for 670108
2026-08-04 13:44:17,627 - INFO - Updated description for 670117
2026-08-04 13:44:19,953 - INFO - Updated description for 670149
2026-08-04 13:44:22,052 - INFO - Updated description for 670160
2026-08-04 13:44:24,252 - INFO - Updated description for 670199
2026-08-04 13:44:26,346 - INFO - Updated description for 670217
2026-08-04 13:44:28,294 - INFO - Updated description for 670235
2026-08-04 13:44:30,071 - INFO - Updated description for 670010
2026-08-04 13:44:31,969 - INFO - Updated description for 670024
2026-08-04 13:44:33,704 - INFO - Updated description for 670028
2026-08-04 13:44:35,349 - INFO - Updated description for 670034
2026-08-04 13:44:35,860 - INFO - 
=== SUMMARY ===
2026-08-04 13:44:35,860 - INFO - Total jobs in database: 2907
2026-08-04 13:44:35,860 - INFO - New jobs added: 13
2026-08-04 13:44:35,860 - INFO - Descriptions updated: 13
2026-08-04 13:44:35,860 - INFO - Verified facilities: 142
2026-08-04 13:44:35,860 - INFO - Unverified facilities: 421
2026-08-04 13:44:35,860 - INFO - Log saved to: logs/api_scraper_20260804_134404.log
2026-08-04 13:44:36,101 - INFO - Exported 2907 jobs to jobs.csv
